OK   csv-to-rust created
OK   csv-to-sql created
OK   csv-to-sqlite created
OK   csv-to-sqlite-schema created
OK   csv-to-sql-schema created
OK   csv-to-tsv created
OK   csv-to-typescript created
OK   csv-to-xlsx created
OK   csv-to-xml created
OK   csv-to-yaml created
OK   csv-unique created
OK   csv-validate created
OK   csv-validator created
OK   csv-viewer created
OK   curl-format created
OK   currency-api created
OK   daily-brief created
OK   daily-journal created
OK   date-fmt created
OK   dedup-lines created
OK   delay-api created
OK   deploy-cli created
FAIL deploy-hook
FAIL deploy-rollback
FAIL diff-api
FAIL diff-html
FAIL diff-stat
FAIL diff-stats
FAIL diff-view
FAIL dir-compare
FAIL disk-io
FAIL disk-usage
FAIL dns-api
FAIL dns-lookup-cli
FAIL dns-overview
FAIL dns-propagation
FAIL dns-txt
FAIL docker-clean
FAIL docker-compose-lint
FAIL docker-compose-validator
FAIL dockerfile-lint
FAIL docker-logs-cli
FAIL docker-ps-extended
FAIL docker-rename
FAIL docker-stats
FAIL docker-stats-cli
FAIL docker-volume-list
FAIL dotenv-cli
FAIL dotenv-lint
FAIL dupe-finder
FAIL dup-finder
FAIL duration-fmt
FAIL echo-api
FAIL echo-webhook
FAIL email-validator
FAIL emoji-cli
OK   env-backup created
OK   env-check created
OK   env-decrypt created
OK   env-diff created
OK   env-diff-cli created
OK   env-doc created
OK   env-docs created
OK   env-encrypt created
OK   env-export created
OK   env-list created
OK   env-list-keys created
OK   env-mask created
OK   env-merge created
OK   env-print created
OK   env-require created
OK   env-sanitize created
OK   env-scan created
OK   env-schema created
OK   env-scope created
OK   env-snapshot created
OK   env-snapshot-restore created
OK   env-subst created
OK   env-suggest created
OK   env-sync created
OK   env-template created
OK   env-to-apache created
OK   env-to-caddy created
OK   env-to-csv created
OK   env-to-dhall created
OK   env-to-docker-compose created
OK   env-to-dockerfile created
OK   env-to-graphql created
OK   env-to-hcl created
OK   env-to-helm created
OK   env-to-ini created
OK   env-to-json created
OK   env-to-jsonl created
OK   env-to-kubernetes created
OK   env-to-markdown created
OK   env-to-nginx created
OK   env-to-openapi created
OK   env-to-protobuf created
OK   env-to-sql created
OK   env-to-sqlite created
OK   env-to-supabase created
OK   env-to-sysctl created
FAIL env-to-toml
FAIL env-to-tsv
FAIL env-to-varnish
FAIL env-to-xml
FAIL env-to-yaml
FAIL env-validate
FAIL env-validate-schema
FAIL expense-report
FAIL expense-tracker
FAIL file-age
FAIL file-age-cli
FAIL file-archive
FAIL file-backup-cli
FAIL file-checksum
FAIL file-chmod
FAIL file-chunk
FAIL file-compare
FAIL file-compare-cli
FAIL file-compress
FAIL file-compress-cli
FAIL file-concat
FAIL file-count
FAIL file-decompress
FAIL file-dedup
FAIL file-diff
FAIL file-du
FAIL file-encoding-detect
FAIL file-encrypt
FAIL file-encrypt-cli
FAIL file-hardlink
FAIL file-hash-cli
FAIL file-integrity-check
FAIL file-line-count
FAIL file-merge
FAIL file-move
FAIL file-peek
FAIL file-perm-check
FAIL file-permission-audit
FAIL file-permission-check
FAIL file-perms
FAIL file-perms-check
FAIL file-rename
FAIL file-rename-batch
FAIL file-rotate
FAIL file-size-cli
FAIL filesize-cli
FAIL file-split
FAIL file-split-by-size
ALLDONE
